<html>
<body>
<pre>
<h1>礦ision Build Log</h1>
<h2>Tool Versions:</h2>
IDE-Version: μVision V5.22.0.0
Copyright (C) 2016 ARM Ltd and ARM Germany GmbH. All rights reserved.
License Information: Ryen aaa, Intel, LIC=----
 
Tool Versions:
Toolchain:       MDK-Lite  Version: 5.22
Toolchain Path:  C:\Keil_v5\ARM\ARMCC\Bin
C Compiler:      Armcc.exe V5.06 update 4 (build 422)
Assembler:       Armasm.exe V5.06 update 4 (build 422)
Linker/Locator:  ArmLink.exe V5.06 update 4 (build 422)
Library Manager: ArmAr.exe V5.06 update 4 (build 422)
Hex Converter:   FromElf.exe V5.06 update 4 (build 422)
CPU DLL:         SARMCM3.DLL V5.22
Dialog DLL:      DCM.DLL V1.13.9.0
Target DLL:      CMSIS_AGDI.dll V1.27.0.0
Dialog DLL:      TCM.DLL V1.21.0.0
 
<h2>Project:</h2>
D:\王生伟\USART—USART1接发(5.14)继电器\USART—USART1接发\Project\RVMDK（uv5）\BH-F429.uvprojx
Project File Date:  05/26/2017

<h2>Output:</h2>
*** Using Compiler 'V5.06 update 4 (build 422)', folder: 'C:\Keil_v5\ARM\ARMCC\Bin'
Build target 'I2C-EEPROM'
compiling stm32f4xx_it.c...
..\..\User\./report/report1.h(37): warning:  #1-D: last line of file ends without a newline
  #endif
..\..\User\stm32f4xx_it.c(153): warning:  #177-D: variable "dLat"  was declared but never referenced
  	uint8_t dLat[11];
..\..\User\stm32f4xx_it.c(154): warning:  #177-D: variable "dLng"  was declared but never referenced
  	uint8_t dLng[12];
..\..\User\stm32f4xx_it.c(275): warning:  #177-D: variable "t"  was declared but never referenced
    uint8_t res,t;
..\..\User\stm32f4xx_it.c(276): warning:  #177-D: variable "BD_count"  was declared but never referenced
    uint8_t BD_count;
..\..\User\stm32f4xx_it.c: 5 warnings, 0 errors
linking...
Program Size: Code=3692 RO-data=976 RW-data=36 ZI-data=1628  
FromELF: creating hex file...
"..\..\Output\USART.axf" - 0 Error(s), 5 Warning(s).

<h2>Collection of Component include folders:</h2>
  D:\王生伟\USART—USART1接发(5.14)继电器\USART—USART1接发\Project\RVMDK（uv5）\RTE\_I2C-EEPROM
  C:\Keil_v5\ARM\PACK\Keil\STM32F4xx_DFP\2.11.0\Drivers\CMSIS\Device\ST\STM32F4xx\Include

<h2>Collection of Component Files used:</h2>
Build Time Elapsed:  00:00:01
</pre>
</body>
</html>
